// Vitest Snapshot v1

exports[`renders component 1`] = `
<table
  class="table"
  data-v-0d7422a8=""
>
  <!--v-if-->
  <thead
    class="table__header-row"
    data-v-0d7422a8=""
  >
    <tr
      data-v-0d7422a8=""
    >
      
      
      <th
        class="table__header-cell"
        data-v-0d7422a8=""
      >
        <div
          class="flex items-center"
          data-v-0d7422a8=""
        >
          Id 
          <!--v-if-->
        </div>
      </th>
      
      
      <th
        class="table__header-cell"
        data-v-0d7422a8=""
      >
        <div
          class="flex items-center"
          data-v-0d7422a8=""
        >
          First Name 
          <!--v-if-->
        </div>
      </th>
      
      
      <th
        class="table__header-cell"
        data-v-0d7422a8=""
      >
        <div
          class="flex items-center"
          data-v-0d7422a8=""
        >
          Last Name 
          <!--v-if-->
        </div>
      </th>
      
      
      <th
        class="table__header-cell"
        data-v-0d7422a8=""
      >
        <div
          class="flex items-center"
          data-v-0d7422a8=""
        >
          City 
          <!--v-if-->
        </div>
      </th>
      
      
      <th
        class="table__header-cell"
        data-v-0d7422a8=""
      >
        <div
          class="flex items-center"
          data-v-0d7422a8=""
        >
          Department 
          <!--v-if-->
        </div>
      </th>
      
      
      <th
        class="table__header-cell"
        data-v-0d7422a8=""
      >
        <div
          class="flex items-center"
          data-v-0d7422a8=""
        >
          Title 
          <!--v-if-->
        </div>
      </th>
      
      
    </tr>
  </thead>
  <tbody
    data-v-0d7422a8=""
  >
    
    
    <tr
      class="table__row"
      data-v-0d7422a8=""
    >
      
      
      <td
        class="table__cell"
        data-v-0d7422a8=""
      >
        
        1
        
      </td>
      
      
      <td
        class="table__cell"
        data-v-0d7422a8=""
      >
        
        Anthony
        
      </td>
      
      
      <td
        class="table__cell"
        data-v-0d7422a8=""
      >
        
        Linbohm
        
      </td>
      
      
      <td
        class="table__cell"
        data-v-0d7422a8=""
      >
        
        Makui
        
      </td>
      
      
      <td
        class="table__cell"
        data-v-0d7422a8=""
      >
        
        Business Development
        
      </td>
      
      
      <td
        class="table__cell"
        data-v-0d7422a8=""
      >
        
        Quality Engineer
        
      </td>
      
      
    </tr>
    <!--v-if-->
    
    
    <tr
      class="table__row"
      data-v-0d7422a8=""
    >
      
      
      <td
        class="table__cell"
        data-v-0d7422a8=""
      >
        
        2
        
      </td>
      
      
      <td
        class="table__cell"
        data-v-0d7422a8=""
      >
        
        Richard
        
      </td>
      
      
      <td
        class="table__cell"
        data-v-0d7422a8=""
      >
        
        Moult
        
      </td>
      
      
      <td
        class="table__cell"
        data-v-0d7422a8=""
      >
        
        Xihu
        
      </td>
      
      
      <td
        class="table__cell"
        data-v-0d7422a8=""
      >
        
        Legal
        
      </td>
      
      
      <td
        class="table__cell"
        data-v-0d7422a8=""
      >
        
        Budget/Accounting Analyst IV
        
      </td>
      
      
    </tr>
    <!--v-if-->
    
    
    <tr
      class="table__row"
      data-v-0d7422a8=""
    >
      
      
      <td
        class="table__cell"
        data-v-0d7422a8=""
      >
        
        3
        
      </td>
      
      
      <td
        class="table__cell"
        data-v-0d7422a8=""
      >
        
        Chance
        
      </td>
      
      
      <td
        class="table__cell"
        data-v-0d7422a8=""
      >
        
        Dallas
        
      </td>
      
      
      <td
        class="table__cell"
        data-v-0d7422a8=""
      >
        
        Moncton
        
      </td>
      
      
      <td
        class="table__cell"
        data-v-0d7422a8=""
      >
        
        Support
        
      </td>
      
      
      <td
        class="table__cell"
        data-v-0d7422a8=""
      >
        
        Product Engineer
        
      </td>
      
      
    </tr>
    <!--v-if-->
    
    
    <tr
      class="table__row"
      data-v-0d7422a8=""
    >
      
      
      <td
        class="table__cell"
        data-v-0d7422a8=""
      >
        
        4
        
      </td>
      
      
      <td
        class="table__cell"
        data-v-0d7422a8=""
      >
        
        Rozamond
        
      </td>
      
      
      <td
        class="table__cell"
        data-v-0d7422a8=""
      >
        
        Abbatucci
        
      </td>
      
      
      <td
        class="table__cell"
        data-v-0d7422a8=""
      >
        
        Chico
        
      </td>
      
      
      <td
        class="table__cell"
        data-v-0d7422a8=""
      >
        
        Legal
        
      </td>
      
      
      <td
        class="table__cell"
        data-v-0d7422a8=""
      >
        
        Software Consultant
        
      </td>
      
      
    </tr>
    <!--v-if-->
    
    
    <tr
      class="table__row"
      data-v-0d7422a8=""
    >
      
      
      <td
        class="table__cell"
        data-v-0d7422a8=""
      >
        
        5
        
      </td>
      
      
      <td
        class="table__cell"
        data-v-0d7422a8=""
      >
        
        Ashely
        
      </td>
      
      
      <td
        class="table__cell"
        data-v-0d7422a8=""
      >
        
        Petrozzi
        
      </td>
      
      
      <td
        class="table__cell"
        data-v-0d7422a8=""
      >
        
        Lafia
        
      </td>
      
      
      <td
        class="table__cell"
        data-v-0d7422a8=""
      >
        
        Services
        
      </td>
      
      
      <td
        class="table__cell"
        data-v-0d7422a8=""
      >
        
        Staff Accountant III
        
      </td>
      
      
    </tr>
    <!--v-if-->
    
    
    <tr
      class="table__row"
      data-v-0d7422a8=""
    >
      
      
      <td
        class="table__cell"
        data-v-0d7422a8=""
      >
        
        6
        
      </td>
      
      
      <td
        class="table__cell"
        data-v-0d7422a8=""
      >
        
        Bron
        
      </td>
      
      
      <td
        class="table__cell"
        data-v-0d7422a8=""
      >
        
        Siuda
        
      </td>
      
      
      <td
        class="table__cell"
        data-v-0d7422a8=""
      >
        
        Mora
        
      </td>
      
      
      <td
        class="table__cell"
        data-v-0d7422a8=""
      >
        
        Accounting
        
      </td>
      
      
      <td
        class="table__cell"
        data-v-0d7422a8=""
      >
        
        Marketing Manager
        
      </td>
      
      
    </tr>
    <!--v-if-->
    
    
    <tr
      class="table__row"
      data-v-0d7422a8=""
    >
      
      
      <td
        class="table__cell"
        data-v-0d7422a8=""
      >
        
        7
        
      </td>
      
      
      <td
        class="table__cell"
        data-v-0d7422a8=""
      >
        
        Marena
        
      </td>
      
      
      <td
        class="table__cell"
        data-v-0d7422a8=""
      >
        
        Geraldi
        
      </td>
      
      
      <td
        class="table__cell"
        data-v-0d7422a8=""
      >
        
        Karanganyar
        
      </td>
      
      
      <td
        class="table__cell"
        data-v-0d7422a8=""
      >
        
        Support
        
      </td>
      
      
      <td
        class="table__cell"
        data-v-0d7422a8=""
      >
        
        Compensation Analyst
        
      </td>
      
      
    </tr>
    <!--v-if-->
    
    
    <tr
      class="table__row"
      data-v-0d7422a8=""
    >
      
      
      <td
        class="table__cell"
        data-v-0d7422a8=""
      >
        
        8
        
      </td>
      
      
      <td
        class="table__cell"
        data-v-0d7422a8=""
      >
        
        Tomas
        
      </td>
      
      
      <td
        class="table__cell"
        data-v-0d7422a8=""
      >
        
        Donneely
        
      </td>
      
      
      <td
        class="table__cell"
        data-v-0d7422a8=""
      >
        
        Meirinhas
        
      </td>
      
      
      <td
        class="table__cell"
        data-v-0d7422a8=""
      >
        
        Services
        
      </td>
      
      
      <td
        class="table__cell"
        data-v-0d7422a8=""
      >
        
        Research Associate
        
      </td>
      
      
    </tr>
    <!--v-if-->
    
    
    <tr
      class="table__row"
      data-v-0d7422a8=""
    >
      
      
      <td
        class="table__cell"
        data-v-0d7422a8=""
      >
        
        9
        
      </td>
      
      
      <td
        class="table__cell"
        data-v-0d7422a8=""
      >
        
        Umberto
        
      </td>
      
      
      <td
        class="table__cell"
        data-v-0d7422a8=""
      >
        
        Cohalan
        
      </td>
      
      
      <td
        class="table__cell"
        data-v-0d7422a8=""
      >
        
        Cuamba
        
      </td>
      
      
      <td
        class="table__cell"
        data-v-0d7422a8=""
      >
        
        Research and Development
        
      </td>
      
      
      <td
        class="table__cell"
        data-v-0d7422a8=""
      >
        
        Chemical Engineer
        
      </td>
      
      
    </tr>
    <!--v-if-->
    
    
    <tr
      class="table__row"
      data-v-0d7422a8=""
    >
      
      
      <td
        class="table__cell"
        data-v-0d7422a8=""
      >
        
        10
        
      </td>
      
      
      <td
        class="table__cell"
        data-v-0d7422a8=""
      >
        
        Nicola
        
      </td>
      
      
      <td
        class="table__cell"
        data-v-0d7422a8=""
      >
        
        Flippelli
        
      </td>
      
      
      <td
        class="table__cell"
        data-v-0d7422a8=""
      >
        
        Faqīrwāli
        
      </td>
      
      
      <td
        class="table__cell"
        data-v-0d7422a8=""
      >
        
        Human Resources
        
      </td>
      
      
      <td
        class="table__cell"
        data-v-0d7422a8=""
      >
        
        VP Quality Control
        
      </td>
      
      
    </tr>
    <!--v-if-->
    
    
    <tr
      class="table__row"
      data-v-0d7422a8=""
    >
      
      
      <td
        class="table__cell"
        data-v-0d7422a8=""
      >
        
        11
        
      </td>
      
      
      <td
        class="table__cell"
        data-v-0d7422a8=""
      >
        
        Jemie
        
      </td>
      
      
      <td
        class="table__cell"
        data-v-0d7422a8=""
      >
        
        McLafferty
        
      </td>
      
      
      <td
        class="table__cell"
        data-v-0d7422a8=""
      >
        
        Lagoa de Albufeira
        
      </td>
      
      
      <td
        class="table__cell"
        data-v-0d7422a8=""
      >
        
        Human Resources
        
      </td>
      
      
      <td
        class="table__cell"
        data-v-0d7422a8=""
      >
        
        Junior Executive
        
      </td>
      
      
    </tr>
    <!--v-if-->
    
    
    <tr
      class="table__row"
      data-v-0d7422a8=""
    >
      
      
      <td
        class="table__cell"
        data-v-0d7422a8=""
      >
        
        12
        
      </td>
      
      
      <td
        class="table__cell"
        data-v-0d7422a8=""
      >
        
        Glen
        
      </td>
      
      
      <td
        class="table__cell"
        data-v-0d7422a8=""
      >
        
        Edinborough
        
      </td>
      
      
      <td
        class="table__cell"
        data-v-0d7422a8=""
      >
        
        Chicago
        
      </td>
      
      
      <td
        class="table__cell"
        data-v-0d7422a8=""
      >
        
        Accounting
        
      </td>
      
      
      <td
        class="table__cell"
        data-v-0d7422a8=""
      >
        
        Associate Professor
        
      </td>
      
      
    </tr>
    <!--v-if-->
    
    
    <tr
      class="table__row"
      data-v-0d7422a8=""
    >
      
      
      <td
        class="table__cell"
        data-v-0d7422a8=""
      >
        
        13
        
      </td>
      
      
      <td
        class="table__cell"
        data-v-0d7422a8=""
      >
        
        Malachi
        
      </td>
      
      
      <td
        class="table__cell"
        data-v-0d7422a8=""
      >
        
        Broadbridge
        
      </td>
      
      
      <td
        class="table__cell"
        data-v-0d7422a8=""
      >
        
        Az Zaytūnīyah
        
      </td>
      
      
      <td
        class="table__cell"
        data-v-0d7422a8=""
      >
        
        Human Resources
        
      </td>
      
      
      <td
        class="table__cell"
        data-v-0d7422a8=""
      >
        
        Paralegal
        
      </td>
      
      
    </tr>
    <!--v-if-->
    
    
    <tr
      class="table__row"
      data-v-0d7422a8=""
    >
      
      
      <td
        class="table__cell"
        data-v-0d7422a8=""
      >
        
        14
        
      </td>
      
      
      <td
        class="table__cell"
        data-v-0d7422a8=""
      >
        
        Yale
        
      </td>
      
      
      <td
        class="table__cell"
        data-v-0d7422a8=""
      >
        
        Milnes
        
      </td>
      
      
      <td
        class="table__cell"
        data-v-0d7422a8=""
      >
        
        Shuangjie
        
      </td>
      
      
      <td
        class="table__cell"
        data-v-0d7422a8=""
      >
        
        Accounting
        
      </td>
      
      
      <td
        class="table__cell"
        data-v-0d7422a8=""
      >
        
        Account Representative III
        
      </td>
      
      
    </tr>
    <!--v-if-->
    
    
    <tr
      class="table__row"
      data-v-0d7422a8=""
    >
      
      
      <td
        class="table__cell"
        data-v-0d7422a8=""
      >
        
        15
        
      </td>
      
      
      <td
        class="table__cell"
        data-v-0d7422a8=""
      >
        
        Galvin
        
      </td>
      
      
      <td
        class="table__cell"
        data-v-0d7422a8=""
      >
        
        Morrill
        
      </td>
      
      
      <td
        class="table__cell"
        data-v-0d7422a8=""
      >
        
        Gaocun
        
      </td>
      
      
      <td
        class="table__cell"
        data-v-0d7422a8=""
      >
        
        Engineering
        
      </td>
      
      
      <td
        class="table__cell"
        data-v-0d7422a8=""
      >
        
        Account Representative II
        
      </td>
      
      
    </tr>
    <!--v-if-->
    
    
    <tr
      class="table__row"
      data-v-0d7422a8=""
    >
      
      
      <td
        class="table__cell"
        data-v-0d7422a8=""
      >
        
        16
        
      </td>
      
      
      <td
        class="table__cell"
        data-v-0d7422a8=""
      >
        
        Cesar
        
      </td>
      
      
      <td
        class="table__cell"
        data-v-0d7422a8=""
      >
        
        Pinnegar
        
      </td>
      
      
      <td
        class="table__cell"
        data-v-0d7422a8=""
      >
        
        Drahichyn
        
      </td>
      
      
      <td
        class="table__cell"
        data-v-0d7422a8=""
      >
        
        Marketing
        
      </td>
      
      
      <td
        class="table__cell"
        data-v-0d7422a8=""
      >
        
        VP Sales
        
      </td>
      
      
    </tr>
    <!--v-if-->
    
    
    <tr
      class="table__row"
      data-v-0d7422a8=""
    >
      
      
      <td
        class="table__cell"
        data-v-0d7422a8=""
      >
        
        17
        
      </td>
      
      
      <td
        class="table__cell"
        data-v-0d7422a8=""
      >
        
        Harlan
        
      </td>
      
      
      <td
        class="table__cell"
        data-v-0d7422a8=""
      >
        
        Aldin
        
      </td>
      
      
      <td
        class="table__cell"
        data-v-0d7422a8=""
      >
        
        Hulan
        
      </td>
      
      
      <td
        class="table__cell"
        data-v-0d7422a8=""
      >
        
        Legal
        
      </td>
      
      
      <td
        class="table__cell"
        data-v-0d7422a8=""
      >
        
        Paralegal
        
      </td>
      
      
    </tr>
    <!--v-if-->
    
    
    <tr
      class="table__row"
      data-v-0d7422a8=""
    >
      
      
      <td
        class="table__cell"
        data-v-0d7422a8=""
      >
        
        18
        
      </td>
      
      
      <td
        class="table__cell"
        data-v-0d7422a8=""
      >
        
        Thadeus
        
      </td>
      
      
      <td
        class="table__cell"
        data-v-0d7422a8=""
      >
        
        Tressler
        
      </td>
      
      
      <td
        class="table__cell"
        data-v-0d7422a8=""
      >
        
        Indaial
        
      </td>
      
      
      <td
        class="table__cell"
        data-v-0d7422a8=""
      >
        
        Services
        
      </td>
      
      
      <td
        class="table__cell"
        data-v-0d7422a8=""
      >
        
        Product Engineer
        
      </td>
      
      
    </tr>
    <!--v-if-->
    
    
    <tr
      class="table__row"
      data-v-0d7422a8=""
    >
      
      
      <td
        class="table__cell"
        data-v-0d7422a8=""
      >
        
        19
        
      </td>
      
      
      <td
        class="table__cell"
        data-v-0d7422a8=""
      >
        
        Marjie
        
      </td>
      
      
      <td
        class="table__cell"
        data-v-0d7422a8=""
      >
        
        Agiolfinger
        
      </td>
      
      
      <td
        class="table__cell"
        data-v-0d7422a8=""
      >
        
        Tatarbunary
        
      </td>
      
      
      <td
        class="table__cell"
        data-v-0d7422a8=""
      >
        
        Marketing
        
      </td>
      
      
      <td
        class="table__cell"
        data-v-0d7422a8=""
      >
        
        Environmental Specialist
        
      </td>
      
      
    </tr>
    <!--v-if-->
    
    
    <tr
      class="table__row"
      data-v-0d7422a8=""
    >
      
      
      <td
        class="table__cell"
        data-v-0d7422a8=""
      >
        
        20
        
      </td>
      
      
      <td
        class="table__cell"
        data-v-0d7422a8=""
      >
        
        Amie
        
      </td>
      
      
      <td
        class="table__cell"
        data-v-0d7422a8=""
      >
        
        Dupoy
        
      </td>
      
      
      <td
        class="table__cell"
        data-v-0d7422a8=""
      >
        
        Thị Trấn Mường Khến
        
      </td>
      
      
      <td
        class="table__cell"
        data-v-0d7422a8=""
      >
        
        Accounting
        
      </td>
      
      
      <td
        class="table__cell"
        data-v-0d7422a8=""
      >
        
        Legal Assistant
        
      </td>
      
      
    </tr>
    <!--v-if-->
    
    
    <tr
      class="table__row"
      data-v-0d7422a8=""
    >
      
      
      <td
        class="table__cell"
        data-v-0d7422a8=""
      >
        
        21
        
      </td>
      
      
      <td
        class="table__cell"
        data-v-0d7422a8=""
      >
        
        Marylinda
        
      </td>
      
      
      <td
        class="table__cell"
        data-v-0d7422a8=""
      >
        
        Kidson
        
      </td>
      
      
      <td
        class="table__cell"
        data-v-0d7422a8=""
      >
        
        Ondoy
        
      </td>
      
      
      <td
        class="table__cell"
        data-v-0d7422a8=""
      >
        
        Business Development
        
      </td>
      
      
      <td
        class="table__cell"
        data-v-0d7422a8=""
      >
        
        Community Outreach Specialist
        
      </td>
      
      
    </tr>
    <!--v-if-->
    
    
    <tr
      class="table__row"
      data-v-0d7422a8=""
    >
      
      
      <td
        class="table__cell"
        data-v-0d7422a8=""
      >
        
        22
        
      </td>
      
      
      <td
        class="table__cell"
        data-v-0d7422a8=""
      >
        
        Karlen
        
      </td>
      
      
      <td
        class="table__cell"
        data-v-0d7422a8=""
      >
        
        Capun
        
      </td>
      
      
      <td
        class="table__cell"
        data-v-0d7422a8=""
      >
        
        Buda-Kashalyova
        
      </td>
      
      
      <td
        class="table__cell"
        data-v-0d7422a8=""
      >
        
        Engineering
        
      </td>
      
      
      <td
        class="table__cell"
        data-v-0d7422a8=""
      >
        
        Assistant Media Planner
        
      </td>
      
      
    </tr>
    <!--v-if-->
    
    
    <tr
      class="table__row"
      data-v-0d7422a8=""
    >
      
      
      <td
        class="table__cell"
        data-v-0d7422a8=""
      >
        
        23
        
      </td>
      
      
      <td
        class="table__cell"
        data-v-0d7422a8=""
      >
        
        Horatius
        
      </td>
      
      
      <td
        class="table__cell"
        data-v-0d7422a8=""
      >
        
        Giovanizio
        
      </td>
      
      
      <td
        class="table__cell"
        data-v-0d7422a8=""
      >
        
        Kham Sakae Saeng
        
      </td>
      
      
      <td
        class="table__cell"
        data-v-0d7422a8=""
      >
        
        Marketing
        
      </td>
      
      
      <td
        class="table__cell"
        data-v-0d7422a8=""
      >
        
        Director of Sales
        
      </td>
      
      
    </tr>
    <!--v-if-->
    
    
    <tr
      class="table__row"
      data-v-0d7422a8=""
    >
      
      
      <td
        class="table__cell"
        data-v-0d7422a8=""
      >
        
        24
        
      </td>
      
      
      <td
        class="table__cell"
        data-v-0d7422a8=""
      >
        
        Eleni
        
      </td>
      
      
      <td
        class="table__cell"
        data-v-0d7422a8=""
      >
        
        Tale
        
      </td>
      
      
      <td
        class="table__cell"
        data-v-0d7422a8=""
      >
        
        Montpellier
        
      </td>
      
      
      <td
        class="table__cell"
        data-v-0d7422a8=""
      >
        
        Engineering
        
      </td>
      
      
      <td
        class="table__cell"
        data-v-0d7422a8=""
      >
        
        Tax Accountant
        
      </td>
      
      
    </tr>
    <!--v-if-->
    
    
    <tr
      class="table__row"
      data-v-0d7422a8=""
    >
      
      
      <td
        class="table__cell"
        data-v-0d7422a8=""
      >
        
        25
        
      </td>
      
      
      <td
        class="table__cell"
        data-v-0d7422a8=""
      >
        
        Chester
        
      </td>
      
      
      <td
        class="table__cell"
        data-v-0d7422a8=""
      >
        
        Theuss
        
      </td>
      
      
      <td
        class="table__cell"
        data-v-0d7422a8=""
      >
        
        Panshan
        
      </td>
      
      
      <td
        class="table__cell"
        data-v-0d7422a8=""
      >
        
        Legal
        
      </td>
      
      
      <td
        class="table__cell"
        data-v-0d7422a8=""
      >
        
        Account Executive
        
      </td>
      
      
    </tr>
    <!--v-if-->
    
    
    <tr
      class="table__row"
      data-v-0d7422a8=""
    >
      
      
      <td
        class="table__cell"
        data-v-0d7422a8=""
      >
        
        26
        
      </td>
      
      
      <td
        class="table__cell"
        data-v-0d7422a8=""
      >
        
        Morey
        
      </td>
      
      
      <td
        class="table__cell"
        data-v-0d7422a8=""
      >
        
        Demangel
        
      </td>
      
      
      <td
        class="table__cell"
        data-v-0d7422a8=""
      >
        
        Stoney Ground
        
      </td>
      
      
      <td
        class="table__cell"
        data-v-0d7422a8=""
      >
        
        Support
        
      </td>
      
      
      <td
        class="table__cell"
        data-v-0d7422a8=""
      >
        
        Human Resources Manager
        
      </td>
      
      
    </tr>
    <!--v-if-->
    
    
    <tr
      class="table__row"
      data-v-0d7422a8=""
    >
      
      
      <td
        class="table__cell"
        data-v-0d7422a8=""
      >
        
        27
        
      </td>
      
      
      <td
        class="table__cell"
        data-v-0d7422a8=""
      >
        
        Tedda
        
      </td>
      
      
      <td
        class="table__cell"
        data-v-0d7422a8=""
      >
        
        Rawlin
        
      </td>
      
      
      <td
        class="table__cell"
        data-v-0d7422a8=""
      >
        
        Erfangping
        
      </td>
      
      
      <td
        class="table__cell"
        data-v-0d7422a8=""
      >
        
        Sales
        
      </td>
      
      
      <td
        class="table__cell"
        data-v-0d7422a8=""
      >
        
        Editor
        
      </td>
      
      
    </tr>
    <!--v-if-->
    
    
    <tr
      class="table__row"
      data-v-0d7422a8=""
    >
      
      
      <td
        class="table__cell"
        data-v-0d7422a8=""
      >
        
        28
        
      </td>
      
      
      <td
        class="table__cell"
        data-v-0d7422a8=""
      >
        
        Rennie
        
      </td>
      
      
      <td
        class="table__cell"
        data-v-0d7422a8=""
      >
        
        Finnan
        
      </td>
      
      
      <td
        class="table__cell"
        data-v-0d7422a8=""
      >
        
        Tuusula
        
      </td>
      
      
      <td
        class="table__cell"
        data-v-0d7422a8=""
      >
        
        Human Resources
        
      </td>
      
      
      <td
        class="table__cell"
        data-v-0d7422a8=""
      >
        
        Paralegal
        
      </td>
      
      
    </tr>
    <!--v-if-->
    
    
    <tr
      class="table__row"
      data-v-0d7422a8=""
    >
      
      
      <td
        class="table__cell"
        data-v-0d7422a8=""
      >
        
        29
        
      </td>
      
      
      <td
        class="table__cell"
        data-v-0d7422a8=""
      >
        
        Merry
        
      </td>
      
      
      <td
        class="table__cell"
        data-v-0d7422a8=""
      >
        
        Wisedale
        
      </td>
      
      
      <td
        class="table__cell"
        data-v-0d7422a8=""
      >
        
        Renxian
        
      </td>
      
      
      <td
        class="table__cell"
        data-v-0d7422a8=""
      >
        
        Services
        
      </td>
      
      
      <td
        class="table__cell"
        data-v-0d7422a8=""
      >
        
        Systems Administrator IV
        
      </td>
      
      
    </tr>
    <!--v-if-->
    
    
    <tr
      class="table__row"
      data-v-0d7422a8=""
    >
      
      
      <td
        class="table__cell"
        data-v-0d7422a8=""
      >
        
        30
        
      </td>
      
      
      <td
        class="table__cell"
        data-v-0d7422a8=""
      >
        
        Melodie
        
      </td>
      
      
      <td
        class="table__cell"
        data-v-0d7422a8=""
      >
        
        Hayzer
        
      </td>
      
      
      <td
        class="table__cell"
        data-v-0d7422a8=""
      >
        
        Hưng Nguyên
        
      </td>
      
      
      <td
        class="table__cell"
        data-v-0d7422a8=""
      >
        
        Support
        
      </td>
      
      
      <td
        class="table__cell"
        data-v-0d7422a8=""
      >
        
        Media Manager I
        
      </td>
      
      
    </tr>
    <!--v-if-->
    
    
    <tr
      class="table__row"
      data-v-0d7422a8=""
    >
      
      
      <td
        class="table__cell"
        data-v-0d7422a8=""
      >
        
        31
        
      </td>
      
      
      <td
        class="table__cell"
        data-v-0d7422a8=""
      >
        
        Dita
        
      </td>
      
      
      <td
        class="table__cell"
        data-v-0d7422a8=""
      >
        
        Sorensen
        
      </td>
      
      
      <td
        class="table__cell"
        data-v-0d7422a8=""
      >
        
        Karangbadar Kidul
        
      </td>
      
      
      <td
        class="table__cell"
        data-v-0d7422a8=""
      >
        
        Marketing
        
      </td>
      
      
      <td
        class="table__cell"
        data-v-0d7422a8=""
      >
        
        Director of Sales
        
      </td>
      
      
    </tr>
    <!--v-if-->
    
    
    <tr
      class="table__row"
      data-v-0d7422a8=""
    >
      
      
      <td
        class="table__cell"
        data-v-0d7422a8=""
      >
        
        32
        
      </td>
      
      
      <td
        class="table__cell"
        data-v-0d7422a8=""
      >
        
        Mela
        
      </td>
      
      
      <td
        class="table__cell"
        data-v-0d7422a8=""
      >
        
        Heaviside
        
      </td>
      
      
      <td
        class="table__cell"
        data-v-0d7422a8=""
      >
        
        Ngancar
        
      </td>
      
      
      <td
        class="table__cell"
        data-v-0d7422a8=""
      >
        
        Training
        
      </td>
      
      
      <td
        class="table__cell"
        data-v-0d7422a8=""
      >
        
        Budget/Accounting Analyst II
        
      </td>
      
      
    </tr>
    <!--v-if-->
    
    
    <tr
      class="table__row"
      data-v-0d7422a8=""
    >
      
      
      <td
        class="table__cell"
        data-v-0d7422a8=""
      >
        
        33
        
      </td>
      
      
      <td
        class="table__cell"
        data-v-0d7422a8=""
      >
        
        Fowler
        
      </td>
      
      
      <td
        class="table__cell"
        data-v-0d7422a8=""
      >
        
        Conn
        
      </td>
      
      
      <td
        class="table__cell"
        data-v-0d7422a8=""
      >
        
        Melfort
        
      </td>
      
      
      <td
        class="table__cell"
        data-v-0d7422a8=""
      >
        
        Support
        
      </td>
      
      
      <td
        class="table__cell"
        data-v-0d7422a8=""
      >
        
        VP Quality Control
        
      </td>
      
      
    </tr>
    <!--v-if-->
    
    
    <tr
      class="table__row"
      data-v-0d7422a8=""
    >
      
      
      <td
        class="table__cell"
        data-v-0d7422a8=""
      >
        
        34
        
      </td>
      
      
      <td
        class="table__cell"
        data-v-0d7422a8=""
      >
        
        Field
        
      </td>
      
      
      <td
        class="table__cell"
        data-v-0d7422a8=""
      >
        
        McPike
        
      </td>
      
      
      <td
        class="table__cell"
        data-v-0d7422a8=""
      >
        
        Bedayutalang
        
      </td>
      
      
      <td
        class="table__cell"
        data-v-0d7422a8=""
      >
        
        Services
        
      </td>
      
      
      <td
        class="table__cell"
        data-v-0d7422a8=""
      >
        
        Quality Control Specialist
        
      </td>
      
      
    </tr>
    <!--v-if-->
    
    
    <tr
      class="table__row"
      data-v-0d7422a8=""
    >
      
      
      <td
        class="table__cell"
        data-v-0d7422a8=""
      >
        
        35
        
      </td>
      
      
      <td
        class="table__cell"
        data-v-0d7422a8=""
      >
        
        Ariel
        
      </td>
      
      
      <td
        class="table__cell"
        data-v-0d7422a8=""
      >
        
        Leser
        
      </td>
      
      
      <td
        class="table__cell"
        data-v-0d7422a8=""
      >
        
        Talnakh
        
      </td>
      
      
      <td
        class="table__cell"
        data-v-0d7422a8=""
      >
        
        Support
        
      </td>
      
      
      <td
        class="table__cell"
        data-v-0d7422a8=""
      >
        
        Media Manager IV
        
      </td>
      
      
    </tr>
    <!--v-if-->
    
    
    <tr
      class="table__row"
      data-v-0d7422a8=""
    >
      
      
      <td
        class="table__cell"
        data-v-0d7422a8=""
      >
        
        36
        
      </td>
      
      
      <td
        class="table__cell"
        data-v-0d7422a8=""
      >
        
        Phyllys
        
      </td>
      
      
      <td
        class="table__cell"
        data-v-0d7422a8=""
      >
        
        Truelock
        
      </td>
      
      
      <td
        class="table__cell"
        data-v-0d7422a8=""
      >
        
        Kingston
        
      </td>
      
      
      <td
        class="table__cell"
        data-v-0d7422a8=""
      >
        
        Support
        
      </td>
      
      
      <td
        class="table__cell"
        data-v-0d7422a8=""
      >
        
        Sales Representative
        
      </td>
      
      
    </tr>
    <!--v-if-->
    
    
    <tr
      class="table__row"
      data-v-0d7422a8=""
    >
      
      
      <td
        class="table__cell"
        data-v-0d7422a8=""
      >
        
        37
        
      </td>
      
      
      <td
        class="table__cell"
        data-v-0d7422a8=""
      >
        
        Lu
        
      </td>
      
      
      <td
        class="table__cell"
        data-v-0d7422a8=""
      >
        
        Minmagh
        
      </td>
      
      
      <td
        class="table__cell"
        data-v-0d7422a8=""
      >
        
        Hougang
        
      </td>
      
      
      <td
        class="table__cell"
        data-v-0d7422a8=""
      >
        
        Research and Development
        
      </td>
      
      
      <td
        class="table__cell"
        data-v-0d7422a8=""
      >
        
        Electrical Engineer
        
      </td>
      
      
    </tr>
    <!--v-if-->
    
    
    <tr
      class="table__row"
      data-v-0d7422a8=""
    >
      
      
      <td
        class="table__cell"
        data-v-0d7422a8=""
      >
        
        38
        
      </td>
      
      
      <td
        class="table__cell"
        data-v-0d7422a8=""
      >
        
        Dall
        
      </td>
      
      
      <td
        class="table__cell"
        data-v-0d7422a8=""
      >
        
        Surman
        
      </td>
      
      
      <td
        class="table__cell"
        data-v-0d7422a8=""
      >
        
        Grzęska
        
      </td>
      
      
      <td
        class="table__cell"
        data-v-0d7422a8=""
      >
        
        Research and Development
        
      </td>
      
      
      <td
        class="table__cell"
        data-v-0d7422a8=""
      >
        
        Staff Scientist
        
      </td>
      
      
    </tr>
    <!--v-if-->
    
    
    <tr
      class="table__row"
      data-v-0d7422a8=""
    >
      
      
      <td
        class="table__cell"
        data-v-0d7422a8=""
      >
        
        39
        
      </td>
      
      
      <td
        class="table__cell"
        data-v-0d7422a8=""
      >
        
        Edie
        
      </td>
      
      
      <td
        class="table__cell"
        data-v-0d7422a8=""
      >
        
        Simounet
        
      </td>
      
      
      <td
        class="table__cell"
        data-v-0d7422a8=""
      >
        
        Tigil’
        
      </td>
      
      
      <td
        class="table__cell"
        data-v-0d7422a8=""
      >
        
        Research and Development
        
      </td>
      
      
      <td
        class="table__cell"
        data-v-0d7422a8=""
      >
        
        Director of Sales
        
      </td>
      
      
    </tr>
    <!--v-if-->
    
    
    <tr
      class="table__row"
      data-v-0d7422a8=""
    >
      
      
      <td
        class="table__cell"
        data-v-0d7422a8=""
      >
        
        40
        
      </td>
      
      
      <td
        class="table__cell"
        data-v-0d7422a8=""
      >
        
        Devan
        
      </td>
      
      
      <td
        class="table__cell"
        data-v-0d7422a8=""
      >
        
        Izzard
        
      </td>
      
      
      <td
        class="table__cell"
        data-v-0d7422a8=""
      >
        
        Melbourne
        
      </td>
      
      
      <td
        class="table__cell"
        data-v-0d7422a8=""
      >
        
        Sales
        
      </td>
      
      
      <td
        class="table__cell"
        data-v-0d7422a8=""
      >
        
        Dental Hygienist
        
      </td>
      
      
    </tr>
    <!--v-if-->
    
    
    <tr
      class="table__row"
      data-v-0d7422a8=""
    >
      
      
      <td
        class="table__cell"
        data-v-0d7422a8=""
      >
        
        41
        
      </td>
      
      
      <td
        class="table__cell"
        data-v-0d7422a8=""
      >
        
        Artur
        
      </td>
      
      
      <td
        class="table__cell"
        data-v-0d7422a8=""
      >
        
        Ratie
        
      </td>
      
      
      <td
        class="table__cell"
        data-v-0d7422a8=""
      >
        
        Biscoitos
        
      </td>
      
      
      <td
        class="table__cell"
        data-v-0d7422a8=""
      >
        
        Accounting
        
      </td>
      
      
      <td
        class="table__cell"
        data-v-0d7422a8=""
      >
        
        Social Worker
        
      </td>
      
      
    </tr>
    <!--v-if-->
    
    
    <tr
      class="table__row"
      data-v-0d7422a8=""
    >
      
      
      <td
        class="table__cell"
        data-v-0d7422a8=""
      >
        
        42
        
      </td>
      
      
      <td
        class="table__cell"
        data-v-0d7422a8=""
      >
        
        Dewitt
        
      </td>
      
      
      <td
        class="table__cell"
        data-v-0d7422a8=""
      >
        
        Grinham
        
      </td>
      
      
      <td
        class="table__cell"
        data-v-0d7422a8=""
      >
        
        Campo de la Cruz
        
      </td>
      
      
      <td
        class="table__cell"
        data-v-0d7422a8=""
      >
        
        Support
        
      </td>
      
      
      <td
        class="table__cell"
        data-v-0d7422a8=""
      >
        
        Software Engineer II
        
      </td>
      
      
    </tr>
    <!--v-if-->
    
    
    <tr
      class="table__row"
      data-v-0d7422a8=""
    >
      
      
      <td
        class="table__cell"
        data-v-0d7422a8=""
      >
        
        43
        
      </td>
      
      
      <td
        class="table__cell"
        data-v-0d7422a8=""
      >
        
        Iver
        
      </td>
      
      
      <td
        class="table__cell"
        data-v-0d7422a8=""
      >
        
        Calterone
        
      </td>
      
      
      <td
        class="table__cell"
        data-v-0d7422a8=""
      >
        
        20 de Noviembre
        
      </td>
      
      
      <td
        class="table__cell"
        data-v-0d7422a8=""
      >
        
        Product Management
        
      </td>
      
      
      <td
        class="table__cell"
        data-v-0d7422a8=""
      >
        
        Graphic Designer
        
      </td>
      
      
    </tr>
    <!--v-if-->
    
    
    <tr
      class="table__row"
      data-v-0d7422a8=""
    >
      
      
      <td
        class="table__cell"
        data-v-0d7422a8=""
      >
        
        44
        
      </td>
      
      
      <td
        class="table__cell"
        data-v-0d7422a8=""
      >
        
        Adelbert
        
      </td>
      
      
      <td
        class="table__cell"
        data-v-0d7422a8=""
      >
        
        Skacel
        
      </td>
      
      
      <td
        class="table__cell"
        data-v-0d7422a8=""
      >
        
        Hualian
        
      </td>
      
      
      <td
        class="table__cell"
        data-v-0d7422a8=""
      >
        
        Research and Development
        
      </td>
      
      
      <td
        class="table__cell"
        data-v-0d7422a8=""
      >
        
        Account Executive
        
      </td>
      
      
    </tr>
    <!--v-if-->
    
    
    <tr
      class="table__row"
      data-v-0d7422a8=""
    >
      
      
      <td
        class="table__cell"
        data-v-0d7422a8=""
      >
        
        45
        
      </td>
      
      
      <td
        class="table__cell"
        data-v-0d7422a8=""
      >
        
        Tabor
        
      </td>
      
      
      <td
        class="table__cell"
        data-v-0d7422a8=""
      >
        
        Cherrett
        
      </td>
      
      
      <td
        class="table__cell"
        data-v-0d7422a8=""
      >
        
        Baota
        
      </td>
      
      
      <td
        class="table__cell"
        data-v-0d7422a8=""
      >
        
        Services
        
      </td>
      
      
      <td
        class="table__cell"
        data-v-0d7422a8=""
      >
        
        Senior Quality Engineer
        
      </td>
      
      
    </tr>
    <!--v-if-->
    
    
    <tr
      class="table__row"
      data-v-0d7422a8=""
    >
      
      
      <td
        class="table__cell"
        data-v-0d7422a8=""
      >
        
        46
        
      </td>
      
      
      <td
        class="table__cell"
        data-v-0d7422a8=""
      >
        
        Town
        
      </td>
      
      
      <td
        class="table__cell"
        data-v-0d7422a8=""
      >
        
        Coope
        
      </td>
      
      
      <td
        class="table__cell"
        data-v-0d7422a8=""
      >
        
        Los Lotes
        
      </td>
      
      
      <td
        class="table__cell"
        data-v-0d7422a8=""
      >
        
        Support
        
      </td>
      
      
      <td
        class="table__cell"
        data-v-0d7422a8=""
      >
        
        Programmer I
        
      </td>
      
      
    </tr>
    <!--v-if-->
    
    
    <tr
      class="table__row"
      data-v-0d7422a8=""
    >
      
      
      <td
        class="table__cell"
        data-v-0d7422a8=""
      >
        
        47
        
      </td>
      
      
      <td
        class="table__cell"
        data-v-0d7422a8=""
      >
        
        Niles
        
      </td>
      
      
      <td
        class="table__cell"
        data-v-0d7422a8=""
      >
        
        Birdsey
        
      </td>
      
      
      <td
        class="table__cell"
        data-v-0d7422a8=""
      >
        
        Rędziny
        
      </td>
      
      
      <td
        class="table__cell"
        data-v-0d7422a8=""
      >
        
        Support
        
      </td>
      
      
      <td
        class="table__cell"
        data-v-0d7422a8=""
      >
        
        Payment Adjustment Coordinator
        
      </td>
      
      
    </tr>
    <!--v-if-->
    
    
    <tr
      class="table__row"
      data-v-0d7422a8=""
    >
      
      
      <td
        class="table__cell"
        data-v-0d7422a8=""
      >
        
        48
        
      </td>
      
      
      <td
        class="table__cell"
        data-v-0d7422a8=""
      >
        
        Caron
        
      </td>
      
      
      <td
        class="table__cell"
        data-v-0d7422a8=""
      >
        
        Hurn
        
      </td>
      
      
      <td
        class="table__cell"
        data-v-0d7422a8=""
      >
        
        Kara-Balta
        
      </td>
      
      
      <td
        class="table__cell"
        data-v-0d7422a8=""
      >
        
        Research and Development
        
      </td>
      
      
      <td
        class="table__cell"
        data-v-0d7422a8=""
      >
        
        Senior Financial Analyst
        
      </td>
      
      
    </tr>
    <!--v-if-->
    
    
    <tr
      class="table__row"
      data-v-0d7422a8=""
    >
      
      
      <td
        class="table__cell"
        data-v-0d7422a8=""
      >
        
        49
        
      </td>
      
      
      <td
        class="table__cell"
        data-v-0d7422a8=""
      >
        
        Antonie
        
      </td>
      
      
      <td
        class="table__cell"
        data-v-0d7422a8=""
      >
        
        Sharland
        
      </td>
      
      
      <td
        class="table__cell"
        data-v-0d7422a8=""
      >
        
        Parnaíba
        
      </td>
      
      
      <td
        class="table__cell"
        data-v-0d7422a8=""
      >
        
        Research and Development
        
      </td>
      
      
      <td
        class="table__cell"
        data-v-0d7422a8=""
      >
        
        Statistician I
        
      </td>
      
      
    </tr>
    <!--v-if-->
    
    
    <tr
      class="table__row"
      data-v-0d7422a8=""
    >
      
      
      <td
        class="table__cell"
        data-v-0d7422a8=""
      >
        
        50
        
      </td>
      
      
      <td
        class="table__cell"
        data-v-0d7422a8=""
      >
        
        Abdul
        
      </td>
      
      
      <td
        class="table__cell"
        data-v-0d7422a8=""
      >
        
        Hadwen
        
      </td>
      
      
      <td
        class="table__cell"
        data-v-0d7422a8=""
      >
        
        Diré
        
      </td>
      
      
      <td
        class="table__cell"
        data-v-0d7422a8=""
      >
        
        Services
        
      </td>
      
      
      <td
        class="table__cell"
        data-v-0d7422a8=""
      >
        
        Assistant Professor
        
      </td>
      
      
    </tr>
    <!--v-if-->
    
    
  </tbody>
</table>
`;
